// Jest Snapshot v1, https://goo.gl/fbAQLP

exports[`Form: Renders Empty 1`] = `"<form novalidate=\\"\\" autocomplete=\\"off\\"><h3>Your Employment History</h3><div><h5>Employer Entry</h5><div><div><label for=\\"employers.value[0].employer\\">Employer</label><br><input id=\\"input-employers:0::employer:\\" name=\\"employers.value[0].employer\\" label=\\"Employer\\" required=\\"\\" value=\\"\\"><span></span></div><div><label for=\\"employers.value[0].title\\">Your Title</label><br><input id=\\"input-employers:0::title:\\" name=\\"employers.value[0].title\\" label=\\"Your Title\\" required=\\"\\" value=\\"\\"><span></span></div><div><label for=\\"employers.value[0].duration\\">Years / months duration</label><br><input id=\\"input-employers:0::duration:\\" name=\\"employers.value[0].duration\\" label=\\"Years / months duration\\" value=\\"\\"><span></span></div></div><h6>Your Managers</h6><div><div><label for=\\"employers.value[0].managers.value[0].name\\">Manager</label><br><input id=\\"input-employers.value[0].managers:0::name:\\" name=\\"employers.value[0].managers.value[0].name\\" label=\\"Manager\\" value=\\"\\"><span></span></div></div><br><br><button type=\\"button\\">Add Manager</button><hr><h5>Employer Entry</h5><div><div><label for=\\"employers.value[1].employer\\">Employer</label><br><input id=\\"input-employers:1::employer:\\" name=\\"employers.value[1].employer\\" label=\\"Employer\\" required=\\"\\" value=\\"\\"><span></span></div><div><label for=\\"employers.value[1].title\\">Your Title</label><br><input id=\\"input-employers:1::title:\\" name=\\"employers.value[1].title\\" label=\\"Your Title\\" required=\\"\\" value=\\"\\"><span></span></div><div><label for=\\"employers.value[1].duration\\">Years / months duration</label><br><input id=\\"input-employers:1::duration:\\" name=\\"employers.value[1].duration\\" label=\\"Years / months duration\\" value=\\"\\"><span></span></div></div><h6>Your Managers</h6><div><div><label for=\\"employers.value[1].managers.value[0].name\\">Manager</label><br><input id=\\"input-employers.value[1].managers:0::name:\\" name=\\"employers.value[1].managers.value[0].name\\" label=\\"Manager\\" value=\\"\\"><span></span></div></div><br><br><button type=\\"button\\">Add Manager</button><hr><div><br><button type=\\"button\\">Add Employer</button></div></div><button type=\\"submit\\" id=\\"submit-button\\">Submit</button></form>"`;

exports[`Form: Renders Empty 2`] = `"<form novalidate=\\"\\" autocomplete=\\"off\\"><h3>Your Employment History</h3><div><h5>Employer Entry</h5><div><div><label for=\\"employers.value[0].employer\\">Employer</label><br><input id=\\"input-employers:0::employer:\\" name=\\"employers.value[0].employer\\" label=\\"Employer\\" required=\\"\\" value=\\"\\"><span>Employer is required.</span></div><div><label for=\\"employers.value[0].title\\">Your Title</label><br><input id=\\"input-employers:0::title:\\" name=\\"employers.value[0].title\\" label=\\"Your Title\\" required=\\"\\" value=\\"\\"><span>Your Title is required.</span></div><div><label for=\\"employers.value[0].duration\\">Years / months duration</label><br><input id=\\"input-employers:0::duration:\\" name=\\"employers.value[0].duration\\" label=\\"Years / months duration\\" value=\\"\\"><span></span></div></div><h6>Your Managers</h6><div><div><label for=\\"employers.value[0].managers.value[0].name\\">Manager</label><br><input id=\\"input-employers.value[0].managers:0::name:\\" name=\\"employers.value[0].managers.value[0].name\\" label=\\"Manager\\" value=\\"\\"><span></span></div></div><br><br><button type=\\"button\\">Add Manager</button><hr><h5>Employer Entry</h5><div><div><label for=\\"employers.value[1].employer\\">Employer</label><br><input id=\\"input-employers:1::employer:\\" name=\\"employers.value[1].employer\\" label=\\"Employer\\" required=\\"\\" value=\\"\\"><span>Employer is required.</span></div><div><label for=\\"employers.value[1].title\\">Your Title</label><br><input id=\\"input-employers:1::title:\\" name=\\"employers.value[1].title\\" label=\\"Your Title\\" required=\\"\\" value=\\"\\"><span>Your Title is required.</span></div><div><label for=\\"employers.value[1].duration\\">Years / months duration</label><br><input id=\\"input-employers:1::duration:\\" name=\\"employers.value[1].duration\\" label=\\"Years / months duration\\" value=\\"\\"><span></span></div></div><h6>Your Managers</h6><div><div><label for=\\"employers.value[1].managers.value[0].name\\">Manager</label><br><input id=\\"input-employers.value[1].managers:0::name:\\" name=\\"employers.value[1].managers.value[0].name\\" label=\\"Manager\\" value=\\"\\"><span></span></div></div><br><br><button type=\\"button\\">Add Manager</button><hr><div><br><button type=\\"button\\">Add Employer</button></div></div>There are errors...<button type=\\"submit\\" id=\\"submit-button\\">Submit</button></form>"`;
